2026-08-16 22:19:54,588 - INFO - 1_sel_DEL> SAFTY_DEL:prg4
2026-08-18 19:09:26,632 - DEBUG - 1(?)_aut> name:yukisucces.Trying-verify..
2026-08-18 19:09:26,729 - INFO - 1(BAD)_aut> name:yuki_PASSWD_NOT_SUCCESS
2026-08-18 19:09:31,460 - DEBUG - 1(?)_aut> name:yukisucces.Trying-verify..
2026-08-18 19:09:31,551 - INFO - 1_aut> name:yuki_LOGINN
2026-08-18 19:11:42,827 - WARNING - !UnknownUSER_aut> NAME_NOT_SUCCESS
2026-08-18 19:11:53,488 - DEBUG - 1(?)_aut> name:yuki_succes.Trying-verify..
2026-08-18 19:11:53,610 - INFO - 1_aut> name:yuki_LOGINN
2026-08-18 19:27:32,810 - DEBUG - admin_admin_aut_COLL
2026-08-18 19:27:32,811 - DEBUG - admin_admin_aut> admin_pwfile_SUCCESS_TO_READ
2026-08-18 19:27:32,891 - ERROR - admin_admin_aut> ADMIN_LOGIN_FAILED
2026-08-18 19:35:20,438 - DEBUG - admin_admin_aut_COLL
2026-08-18 19:35:20,440 - DEBUG - admin_admin_aut> admin_pwfile_SUCCESS_TO_READ
2026-08-18 19:35:20,522 - WARNING - admin_admin_aut> LOGIN_SUCCESS
2026-08-19 08:11:41,832 - DEBUG - admin_admin_aut_COLL
2026-08-19 08:11:41,833 - DEBUG - admin_admin_aut> admin_pwfile_SUCCESS_TO_READ
2026-08-19 08:11:41,922 - WARNING - admin_admin_aut> LOGIN_SUCCESS
2026-08-19 08:46:48,330 - DEBUG - admin_admin_aut_COLL
2026-08-19 08:46:48,330 - DEBUG - admin_admin_aut> admin_pwfile_SUCCESS_TO_READ
2026-08-19 08:46:48,420 - WARNING - admin_admin_aut> LOGIN_SUCCESS
2026-08-19 11:37:52,442 - DEBUG - admin_admin_aut_COLL
2026-08-19 11:37:52,443 - DEBUG - admin_admin_aut> admin_pwfile_SUCCESS_TO_READ
2026-08-19 11:37:52,520 - WARNING - admin_admin_aut> LOGIN_SUCCESS
2026-08-19 11:30:55,343 - DEBUG - admin_admin_aut_COLL
2026-08-19 11:30:55,769 - DEBUG - admin_admin_aut> admin_pwfile_SUCCESS_TO_READ
2026-08-19 11:30:55,818 - WARNING - admin_admin_aut> LOGIN_SUCCESS
2026-08-19 12:25:45,460 - DEBUG - A_Com_COLL
2026-08-19 12:25:45,465 - DEBUG - A_Com_COLL
2026-08-19 12:25:49,296 - DEBUG - A__COLL
2026-08-19 12:25:49,578 - DEBUG - A__COLL
2026-08-19 12:25:51,204 - DEBUG - A_news_COLL
2026-08-19 12:25:51,209 - DEBUG - A_news_COLL
2026-08-19 12:26:19,587 - DEBUG - A_news_COLL
2026-08-19 12:26:19,592 - DEBUG - A_news_COLL
2026-08-19 12:26:22,340 - DEBUG - A_news_COLL
2026-08-19 12:26:22,349 - DEBUG - A_news_COLL
2026-08-19 12:26:24,386 - DEBUG - A_news_COLL
2026-08-19 12:26:24,390 - DEBUG - A_news_COLL
2026-08-19 12:26:27,301 - DEBUG - A_news_COLL
2026-08-19 12:26:27,306 - DEBUG - A_news_COLL
2026-08-19 12:26:33,729 - DEBUG - A_news_COLL
2026-08-19 12:26:34,029 - DEBUG - A_news_COLL
2026-08-19 12:26:50,875 - DEBUG - A_news_COLL
2026-08-19 12:26:50,885 - DEBUG - A_news_COLL
2026-08-19 12:27:00,095 - DEBUG - A_news_COLL
2026-08-19 12:27:00,387 - DEBUG - A_news_COLL
2026-08-19 12:27:11,976 - DEBUG - A_news_COLL
2026-08-19 12:27:12,266 - DEBUG - A_news_COLL
2026-08-19 12:27:14,068 - DEBUG - A_news_COLL
2026-08-19 12:27:14,073 - DEBUG - A_news_COLL
2026-08-19 12:27:24,429 - DEBUG - A_news_COLL
2026-08-19 12:27:24,435 - DEBUG - A_news_COLL
2026-08-19 12:27:28,937 - DEBUG - A_news_COLL
2026-08-19 12:27:29,227 - DEBUG - A_news_COLL
2026-08-19 12:27:33,508 - DEBUG - A_news_COLL
2026-08-19 12:27:33,794 - DEBUG - A_news_COLL
2026-08-19 12:27:39,314 - DEBUG - A_news_COLL
2026-08-19 12:27:39,598 - DEBUG - A_news_COLL
2026-08-19 12:28:05,134 - DEBUG - A_news_COLL
2026-08-19 12:28:05,433 - DEBUG - A_news_COLL
2026-08-19 12:28:12,093 - DEBUG - A_news_COLL
2026-08-19 12:28:12,100 - DEBUG - A_news_COLL
2026-08-19 12:28:14,365 - DEBUG - A_news_COLL
2026-08-19 12:28:14,371 - DEBUG - A_news_COLL
2026-08-19 12:28:24,417 - DEBUG - A_news_COLL
2026-08-19 12:28:24,721 - DEBUG - A_news_COLL
2026-08-19 12:28:28,678 - DEBUG - A_news_COLL
2026-08-19 12:28:28,975 - DEBUG - A_news_COLL
2026-08-19 12:28:53,472 - DEBUG - A_news_COLL
2026-08-19 12:28:53,915 - DEBUG - A_news_COLL
2026-08-19 12:29:01,593 - DEBUG - A_news_COLL
2026-08-19 12:29:01,891 - DEBUG - A_news_COLL
2026-08-19 12:29:02,704 - DEBUG - A_news_COLL
2026-08-19 12:29:02,711 - DEBUG - A_news_COLL
2026-08-19 12:29:08,400 - DEBUG - A_news_COLL
2026-08-19 12:29:08,697 - DEBUG - A_news_COLL
2026-08-19 12:29:14,478 - DEBUG - A_news_COLL
2026-08-19 12:29:14,763 - DEBUG - A_news_COLL
2026-08-19 12:29:15,663 - DEBUG - A_news_COLL
2026-08-19 12:29:15,668 - DEBUG - A_news_COLL
2026-08-19 12:29:21,221 - DEBUG - A_news_COLL
2026-08-19 12:29:21,506 - DEBUG - A_news_COLL
2026-08-19 12:29:24,403 - DEBUG - A_news_COLL
2026-08-19 12:29:24,409 - DEBUG - A_news_COLL
2026-08-19 12:29:26,903 - DEBUG - A_news_COLL
2026-08-19 12:29:26,907 - DEBUG - A_news_COLL
2026-08-19 12:29:30,631 - DEBUG - A_news_COLL
2026-08-19 12:29:30,636 - DEBUG - A_news_COLL
2026-08-19 12:29:31,941 - DEBUG - A_news_COLL
2026-08-19 12:29:31,945 - DEBUG - A_news_COLL
2026-08-19 12:29:37,288 - DEBUG - A_news_COLL
2026-08-19 12:29:37,582 - DEBUG - A_news_COLL
2026-08-19 12:29:39,203 - DEBUG - A_news_COLL
2026-08-19 12:29:39,210 - DEBUG - A_news_COLL
2026-08-19 12:29:40,839 - DEBUG - A_news_COLL
2026-08-19 12:29:40,844 - DEBUG - A_news_COLL
2026-08-19 12:29:49,385 - DEBUG - A_news_COLL
2026-08-19 12:29:49,684 - DEBUG - A_news_COLL
2026-08-19 12:29:50,986 - DEBUG - A_news_COLL
2026-08-19 12:29:50,992 - DEBUG - A_news_COLL
2026-08-19 12:29:52,745 - DEBUG - A_news_COLL
2026-08-19 12:29:52,750 - DEBUG - A_news_COLL
2026-08-19 12:30:09,456 - DEBUG - A_news_COLL
2026-08-19 12:30:09,909 - DEBUG - A_news_COLL
2026-08-19 12:30:12,206 - DEBUG - A_news_COLL
2026-08-19 12:30:12,212 - DEBUG - A_news_COLL
2026-08-19 12:30:14,471 - DEBUG - A_news_COLL
2026-08-19 12:30:14,476 - DEBUG - A_news_COLL
2026-08-19 12:30:17,278 - DEBUG - A_news_COLL
2026-08-19 12:30:17,283 - DEBUG - A_news_COLL
2026-08-19 12:30:18,531 - DEBUG - A_news_COLL
2026-08-19 12:30:18,538 - DEBUG - A_news_COLL
2026-08-19 12:30:19,871 - DEBUG - A_news_COLL
2026-08-19 12:30:19,879 - DEBUG - A_news_COLL
2026-08-19 12:30:28,447 - DEBUG - A_news_COLL
2026-08-19 12:30:28,740 - DEBUG - A_news_COLL
2026-08-19 12:30:29,613 - DEBUG - A_news_COLL
2026-08-19 12:30:29,617 - DEBUG - A_news_COLL
2026-08-19 12:30:31,953 - DEBUG - A_news_COLL
2026-08-19 12:30:31,958 - DEBUG - A_news_COLL
2026-08-19 12:30:34,412 - DEBUG - A_news_COLL
2026-08-19 12:30:34,418 - DEBUG - A_news_COLL
2026-08-19 12:30:40,266 - DEBUG - A_news_COLL
2026-08-19 12:30:40,628 - DEBUG - A_news_COLL
2026-08-19 12:30:44,551 - DEBUG - A_news_COLL
2026-08-19 12:30:44,811 - DEBUG - A_news_COLL
2026-08-19 19:01:26,059 - DEBUG - yuki(?)_aut_COLL
2026-08-19 19:01:26,076 - DEBUG - 1(?)_aut> name:yuki_succes.Trying-verify..
2026-08-19 19:01:26,124 - INFO - 1_aut> name:yuki_LOGINN
2026-08-19 19:01:26,139 - DEBUG - 1_news_COLL
2026-08-19 19:01:26,140 - DEBUG - 1_all_prg_COLL
2026-08-19 19:01:26,144 - DEBUG - 1_all_prg_COLL
2026-08-19 19:01:26,148 - DEBUG - 1_news_COLL
2026-08-19 19:01:26,150 - DEBUG - 1_news_COLL
2026-08-19 19:01:26,150 - DEBUG - 1_news_COLL
2026-08-19 19:03:08,405 - DEBUG - yuki(?)_aut_COLL
2026-08-19 19:03:08,744 - DEBUG - 1(?)_aut> name:yuki_succes.Trying-verify..
2026-08-19 19:03:08,789 - INFO - 1_aut> name:yuki_LOGINN
2026-08-19 19:03:08,802 - DEBUG - 1_news_COLL
2026-08-19 19:03:08,803 - DEBUG - 1_all_prg_COLL
2026-08-19 19:03:08,805 - DEBUG - 1_all_prg_COLL
2026-08-19 19:03:08,811 - DEBUG - 1_news_COLL
2026-08-19 19:03:08,812 - DEBUG - 1_news_COLL
2026-08-19 19:03:08,813 - DEBUG - 1_news_COLL
2026-08-19 19:03:16,325 - DEBUG - 1_news_COLL
2026-08-19 19:03:16,326 - DEBUG - 1_all_prg_COLL
2026-08-19 19:21:12,430 - DEBUG - admin_login_page> ACCESSED
2026-08-19 19:21:26,433 - DEBUG - admin_login_page> ACCESSED
2026-08-19 19:21:38,622 - DEBUG - Unknownuser_login_page> ACCESSED
2026-08-19 19:25:08,144 - DEBUG - Unknownuser_login_page> ACCESSED
2026-08-19 19:25:22,026 - DEBUG - admin_login_page> ACCESSED
2026-08-19 19:25:29,114 - DEBUG - admin_login_page> ACCESSED
2026-08-19 19:25:29,117 - DEBUG - admin_admin_aut_COLL
2026-08-19 19:25:29,118 - DEBUG - admin_admin_aut> admin_pwfile_SUCCESS_TO_READ
2026-08-19 19:25:29,169 - WARNING - admin_admin_aut> LOGIN_SUCCESS
2026-08-19 19:25:29,184 - DEBUG - A_news_COLL
2026-08-19 19:25:29,187 - DEBUG - A_news_COLL
2026-08-19 19:25:33,544 - DEBUG - A_news_COLL
2026-08-19 19:25:33,550 - DEBUG - A_news_COLL
2026-08-19 19:25:35,413 - DEBUG - A_news_COLL
2026-08-19 19:25:35,418 - DEBUG - A_news_COLL
2026-08-19 19:25:39,445 - DEBUG - A_news_COLL
2026-08-19 19:25:39,452 - DEBUG - A_news_COLL
2026-08-19 19:25:40,354 - DEBUG - A_news_COLL
2026-08-19 19:25:40,358 - DEBUG - A_news_COLL
2026-08-19 19:25:40,915 - DEBUG - A_news_COLL
2026-08-19 19:25:40,920 - DEBUG - A_news_COLL
2026-08-19 19:25:45,789 - DEBUG - admin_rt_user_COLL
2026-08-19 19:25:49,609 - DEBUG - A_news_COLL
2026-08-19 19:25:49,612 - DEBUG - A_news_COLL
2026-08-19 23:33:29,699 - DEBUG - Unknownuser_login_page> ACCESSED
2026-08-19 23:33:32,887 - DEBUG - admin_login_page> ACCESSED
2026-08-19 23:33:33,999 - DEBUG - Unknownuser_login_page> ACCESSED
2026-08-19 23:33:51,047 - DEBUG - admin_login_page> ACCESSED
2026-08-19 23:33:51,050 - DEBUG - admin_admin_aut_COLL
2026-08-19 23:33:51,051 - DEBUG - admin_admin_aut> admin_pwfile_SUCCESS_TO_READ
2026-08-19 23:33:51,101 - WARNING - admin_admin_aut> LOGIN_SUCCESS
2026-08-19 23:33:51,116 - DEBUG - A_news_COLL
2026-08-19 23:33:51,119 - DEBUG - A_news_COLL
2026-08-19 23:33:58,279 - DEBUG - A_news_COLL
2026-08-19 23:33:58,285 - DEBUG - A_news_COLL
2026-08-19 23:34:01,090 - DEBUG - A_news_COLL
2026-08-19 23:34:01,094 - DEBUG - A_news_COLL
2026-08-19 23:34:04,622 - DEBUG - A_news_COLL
2026-08-19 23:34:04,626 - DEBUG - A_news_COLL
2026-08-20 17:33:29,423 - DEBUG - admin_login_page> ACCESSED
2026-08-20 17:33:41,398 - DEBUG - admin_login_page> ACCESSED
2026-08-20 17:33:41,399 - DEBUG - admin_admin_aut_COLL
2026-08-20 17:33:41,400 - DEBUG - admin_admin_aut> admin_pwfile_SUCCESS_TO_READ
2026-08-20 17:33:41,476 - WARNING - admin_admin_aut> LOGIN_SUCCESS
2026-08-20 17:33:41,515 - DEBUG - A_news_COLL
2026-08-20 17:33:41,552 - DEBUG - A_news_COLL
2026-08-20 17:33:43,629 - DEBUG - A_news_COLL
2026-08-20 17:33:43,634 - DEBUG - A_news_COLL
2026-08-20 17:33:47,349 - DEBUG - A_news_COLL
2026-08-20 17:33:47,355 - DEBUG - A_news_COLL
2026-08-20 17:33:59,737 - DEBUG - A_news_COLL
2026-08-20 17:33:59,745 - DEBUG - A_news_COLL
2026-08-20 17:34:00,599 - DEBUG - A_news_COLL
2026-08-20 17:34:00,604 - DEBUG - A_news_COLL
2026-08-20 17:34:02,017 - DEBUG - A_news_COLL
2026-08-20 17:34:02,024 - DEBUG - A_news_COLL
2026-08-20 17:34:03,178 - DEBUG - A_news_COLL
2026-08-20 17:34:03,184 - DEBUG - A_news_COLL
2026-08-20 17:34:04,477 - DEBUG - A_news_COLL
2026-08-20 17:34:04,482 - DEBUG - A_news_COLL
2026-08-20 17:34:18,130 - DEBUG - admin_rt_user_COLL
2026-08-20 17:37:19,754 - DEBUG - Unknownuser_login_page> ACCESSED
2026-08-20 17:37:31,727 - DEBUG - admin_login_page> ACCESSED
2026-08-20 17:37:40,183 - DEBUG - admin_login_page> ACCESSED
2026-08-20 17:37:40,187 - DEBUG - admin_admin_aut_COLL
2026-08-20 17:37:40,188 - DEBUG - admin_admin_aut> admin_pwfile_SUCCESS_TO_READ
2026-08-20 17:37:40,284 - WARNING - admin_admin_aut> LOGIN_SUCCESS
2026-08-20 17:37:40,323 - DEBUG - A_news_COLL
2026-08-20 17:37:40,334 - DEBUG - A_news_COLL
2026-08-20 17:37:43,826 - DEBUG - admin_rt_user_COLL
